{
  "data" : {
    "model" : {
      "columnName" : ""
    }
  },
  "schema" : {
    "type" : "object",
    "properties" : {
      "model" : {
        "type" : "object",
        "properties" : {
          "columnName" : {
            "type" : "string",
            "title" : "New column name",
            "description" : "Name of the new column.",
            "default" : ""
          }
        }
      }
    }
  },
  "ui_schema" : {
    "elements" : [ {
      "type" : "Control",
      "scope" : "#/properties/model/properties/columnName"
    } ]
  },
  "persist" : {
    "type" : "object",
    "properties" : {
      "model" : {
        "type" : "object",
        "properties" : {
          "columnName" : {
            "configKey" : "columnname"
          }
        }
      }
    }
  }
}