{
  "data" : {
    "model" : {
      "authType" : "OAUTH",
      "clientSelection" : "DEFAULT",
      "boxApp" : {
        "isHiddenPassword" : false,
        "isHiddenSecondFactor" : false,
        "username" : ""
      },
      "redirectUrl" : "http://localhost:33749"
    }
  },
  "schema" : {
    "type" : "object",
    "properties" : {
      "model" : {
        "type" : "object",
        "properties" : {
          "authType" : {
            "oneOf" : [ {
              "const" : "OAUTH",
              "title" : "User authentication"
            }, {
              "const" : "CLIENT_CREDENTIALS",
              "title" : "Server authentication (client credentials)"
            } ],
            "title" : "Authentication type",
            "description" : "Authentication type to use. The following types are supported:\n<ul>\n    <li>\n        <a href=\"https://developer.box.com/guides/authentication/oauth2/\">\n            <b>User authentication</b>\n        </a>\n    </li>\n    <li>\n        <a href=\"https://developer.box.com/guides/authentication/client-credentials/\">\n            <b>Server authentication (client credentials)</b>\n        </a>\n    </li>\n</ul>\n",
            "default" : "OAUTH"
          },
          "boxApp" : {
            "type" : "object",
            "properties" : {
              "password" : {
                "type" : "string",
                "default" : ""
              },
              "secondFactor" : {
                "type" : "string",
                "default" : ""
              },
              "username" : {
                "type" : "string",
                "default" : ""
              }
            },
            "title" : "Client/App configuration",
            "description" : "The app/client ID and secret of the custom Box app.\nThese fields can be found in the configuration settings of your custom Box app.\n",
            "default" : {
              "isHiddenPassword" : false,
              "isHiddenSecondFactor" : false,
              "username" : ""
            }
          },
          "clientSelection" : {
            "oneOf" : [ {
              "const" : "DEFAULT",
              "title" : "Default"
            }, {
              "const" : "CUSTOM",
              "title" : "Custom"
            } ],
            "title" : "Which client/app to use",
            "description" : "Whether to use the KNIME default app, or enter a custom one. The\nKNIME default app is called \"KNIME Analytics Platform\".\n",
            "default" : "DEFAULT"
          },
          "enterpriseId" : {
            "type" : "string",
            "title" : "Enterprise ID",
            "description" : "The Box Enterprise ID when authenticating as a\n<a href=\"https://developer.box.com/guides/getting-started/user-types/service-account/\">\nservice account</a>.\n"
          },
          "loginCredentialRef" : {
            "type" : "string",
            "format" : "uuid",
            "title" : "Login",
            "description" : "Clicking on login opens a new browser window/tab which allows to interactively log into Box."
          },
          "redirectUrl" : {
            "type" : "string",
            "title" : "Redirect URL (should be http://localhost:XXXXX)",
            "description" : "The redirect URL to be used at the end of the interactive login.\nShould be chosen as http://localhost:XXXXX where XXXXX is a random number in the 10000 - 65000 range\nto avoid conflicts. The redirect URL is part of the App configuration in Box.\n",
            "default" : "http://localhost:33749"
          }
        }
      }
    }
  },
  "ui_schema" : {
    "elements" : [ {
      "type" : "Control",
      "scope" : "#/properties/model/properties/authType"
    }, {
      "label" : "Client/App configuration",
      "type" : "Section",
      "elements" : [ {
        "type" : "Control",
        "scope" : "#/properties/model/properties/clientSelection",
        "options" : {
          "format" : "valueSwitch"
        },
        "rule" : {
          "effect" : "SHOW",
          "condition" : {
            "scope" : "#/properties/model/properties/authType",
            "schema" : {
              "oneOf" : [ {
                "const" : "OAUTH"
              } ]
            }
          }
        }
      }, {
        "type" : "Control",
        "scope" : "#/properties/model/properties/boxApp",
        "options" : {
          "format" : "credentials",
          "usernameLabel" : "ID",
          "passwordLabel" : "Secret"
        },
        "rule" : {
          "effect" : "SHOW",
          "condition" : {
            "type" : "OR",
            "conditions" : [ {
              "scope" : "#/properties/model/properties/authType",
              "schema" : {
                "oneOf" : [ {
                  "const" : "CLIENT_CREDENTIALS"
                } ]
              }
            }, {
              "scope" : "#/properties/model/properties/clientSelection",
              "schema" : {
                "oneOf" : [ {
                  "const" : "CUSTOM"
                } ]
              }
            } ]
          }
        }
      }, {
        "type" : "Control",
        "scope" : "#/properties/model/properties/redirectUrl",
        "rule" : {
          "effect" : "SHOW",
          "condition" : {
            "type" : "AND",
            "conditions" : [ {
              "scope" : "#/properties/model/properties/authType",
              "schema" : {
                "oneOf" : [ {
                  "const" : "OAUTH"
                } ]
              }
            }, {
              "scope" : "#/properties/model/properties/clientSelection",
              "schema" : {
                "oneOf" : [ {
                  "const" : "CUSTOM"
                } ]
              }
            } ]
          }
        }
      }, {
        "type" : "Control",
        "scope" : "#/properties/model/properties/enterpriseId",
        "rule" : {
          "effect" : "SHOW",
          "condition" : {
            "scope" : "#/properties/model/properties/authType",
            "schema" : {
              "oneOf" : [ {
                "const" : "CLIENT_CREDENTIALS"
              } ]
            }
          }
        }
      } ]
    }, {
      "label" : "Authentication",
      "type" : "Section",
      "rule" : {
        "effect" : "SHOW",
        "condition" : {
          "scope" : "#/properties/model/properties/authType",
          "schema" : {
            "oneOf" : [ {
              "const" : "OAUTH"
            } ]
          }
        }
      },
      "elements" : [ {
        "type" : "Control",
        "scope" : "#/properties/model/properties/loginCredentialRef",
        "options" : {
          "actionHandler" : "org.knime.ext.box.authenticator.node2.BoxAuthenticatorSettings$LoginActionHandler",
          "format" : "button",
          "states" : [ {
            "id" : "READY",
            "disabled" : false,
            "primary" : true,
            "nextState" : "CANCEL",
            "text" : "Login"
          }, {
            "id" : "CANCEL",
            "disabled" : false,
            "primary" : false,
            "text" : "Cancel login"
          }, {
            "id" : "DONE",
            "disabled" : false,
            "primary" : true,
            "nextState" : "CANCEL",
            "text" : "Login again"
          } ],
          "displayErrorMessage" : true,
          "showTitleAndDescription" : false,
          "dependencies" : [ "#/properties/model/properties/authType", "#/properties/model/properties/clientSelection", "#/properties/model/properties/boxApp", "#/properties/model/properties/redirectUrl", "#/properties/model/properties/enterpriseId" ],
          "updateOptions" : {
            "updateHandler" : "org.knime.ext.box.authenticator.node2.BoxAuthenticatorSettings$LoginUpdateHandler",
            "dependencies" : [ "#/properties/model/properties/authType", "#/properties/model/properties/clientSelection", "#/properties/model/properties/boxApp", "#/properties/model/properties/redirectUrl", "#/properties/model/properties/enterpriseId" ]
          }
        }
      } ]
    } ]
  },
  "persist" : {
    "type" : "object",
    "properties" : {
      "model" : {
        "type" : "object",
        "properties" : {
          "authType" : { },
          "clientSelection" : { },
          "boxApp" : {
            "configPaths" : [ [ "boxApp" ] ]
          },
          "redirectUrl" : { },
          "enterpriseId" : { },
          "loginCredentialRef" : {
            "configPaths" : [ ]
          }
        }
      }
    }
  }
}